{
  "version": "1.5.0",
  "plugins_used": [
    {
      "name": "ArtifactoryDetector"
    },
    {
      "name": "AWSKeyDetector"
    },
    {
      "name": "AzureStorageKeyDetector"
    },
    {
      "name": "Base64HighEntropyString",
      "limit": 4.5
    },
    {
      "name": "BasicAuthDetector"
    },
    {
      "name": "CloudantDetector"
    },
    {
      "name": "DiscordBotTokenDetector"
    },
    {
      "name": "GitHubTokenDetector"
    },
    {
      "name": "GitLabTokenDetector"
    },
    {
      "name": "HexHighEntropyString",
      "limit": 3.0
    },
    {
      "name": "IbmCloudIamDetector"
    },
    {
      "name": "IbmCosHmacDetector"
    },
    {
      "name": "IPPublicDetector"
    },
    {
      "name": "JwtTokenDetector"
    },
    {
      "name": "KeywordDetector",
      "keyword_exclude": ""
    },
    {
      "name": "MailchimpDetector"
    },
    {
      "name": "NpmDetector"
    },
    {
      "name": "OpenAIDetector"
    },
    {
      "name": "PrivateKeyDetector"
    },
    {
      "name": "PypiTokenDetector"
    },
    {
      "name": "SendGridDetector"
    },
    {
      "name": "SlackDetector"
    },
    {
      "name": "SoftlayerDetector"
    },
    {
      "name": "SquareOAuthDetector"
    },
    {
      "name": "StripeDetector"
    },
    {
      "name": "TelegramBotTokenDetector"
    },
    {
      "name": "TwilioKeyDetector"
    }
  ],
  "filters_used": [
    {
      "path": "detect_secrets.filters.allowlist.is_line_allowlisted"
    },
    {
      "path": "detect_secrets.filters.common.is_baseline_file",
      "filename": ".secrets.baseline"
    },
    {
      "path": "detect_secrets.filters.common.is_ignored_due_to_verification_policies",
      "min_level": 2
    },
    {
      "path": "detect_secrets.filters.heuristic.is_indirect_reference"
    },
    {
      "path": "detect_secrets.filters.heuristic.is_likely_id_string"
    },
    {
      "path": "detect_secrets.filters.heuristic.is_lock_file"
    },
    {
      "path": "detect_secrets.filters.heuristic.is_not_alphanumeric_string"
    },
    {
      "path": "detect_secrets.filters.heuristic.is_potential_uuid"
    },
    {
      "path": "detect_secrets.filters.heuristic.is_prefixed_with_dollar_sign"
    },
    {
      "path": "detect_secrets.filters.heuristic.is_sequential_string"
    },
    {
      "path": "detect_secrets.filters.heuristic.is_swagger_file"
    },
    {
      "path": "detect_secrets.filters.heuristic.is_templated_secret"
    },
    {
      "path": "detect_secrets.filters.regex.should_exclude_file",
      "pattern": [
        "^uv\\.lock$"
      ]
    }
  ],
  "results": {
    "data\\processed\\reviews_featurised.parquet.dvc": [
      {
        "type": "Hex High Entropy String",
        "filename": "data\\processed\\reviews_featurised.parquet.dvc",
        "hashed_secret": "753ded1e47927f8539985dce016bace00cfcdfc1",
        "is_verified": false,
        "line_number": 2
      }
    ],
    "data\\processed\\test.csv.dvc": [
      {
        "type": "Hex High Entropy String",
        "filename": "data\\processed\\test.csv.dvc",
        "hashed_secret": "ded717c9a9c6bbb54651c0ec73d089b26143d61d",
        "is_verified": false,
        "line_number": 2
      }
    ],
    "data\\processed\\train.csv.dvc": [
      {
        "type": "Hex High Entropy String",
        "filename": "data\\processed\\train.csv.dvc",
        "hashed_secret": "aa1c2c358ffa688f1f668e4e987a97f20ff6708a",
        "is_verified": false,
        "line_number": 2
      }
    ],
    "k8s\\ingress.yaml": [
      {
        "type": "Secret Keyword",
        "filename": "k8s\\ingress.yaml",
        "hashed_secret": "af8b68e5d74cbb41e7b683b4a32ec6766edfa376",
        "is_verified": false,
        "line_number": 13
      }
    ],
    "k8s\\secrets.example.yaml": [
      {
        "type": "Secret Keyword",
        "filename": "k8s\\secrets.example.yaml",
        "hashed_secret": "227ac13b6e14006a733b3b5e711633aa2032721f",
        "is_verified": false,
        "line_number": 8
      },
      {
        "type": "Secret Keyword",
        "filename": "k8s\\secrets.example.yaml",
        "hashed_secret": "e65ec97a030cd1f05bfef894f30883289fc395ed",
        "is_verified": false,
        "line_number": 12
      }
    ],
    "models\\pipelines\\Dummy__most_frequent__3-class.joblib.dvc": [
      {
        "type": "Hex High Entropy String",
        "filename": "models\\pipelines\\Dummy__most_frequent__3-class.joblib.dvc",
        "hashed_secret": "af17b161f732eaad7d82eba8756fd936d1a1884c",
        "is_verified": false,
        "line_number": 2
      }
    ],
    "models\\pipelines\\Dummy__most_frequent__5-class.joblib.dvc": [
      {
        "type": "Hex High Entropy String",
        "filename": "models\\pipelines\\Dummy__most_frequent__5-class.joblib.dvc",
        "hashed_secret": "27cc5e8eedaab443cc8747ed1922ce796a4b7e70",
        "is_verified": false,
        "line_number": 2
      }
    ],
    "models\\pipelines\\LinearSVC__grid_+_cw=balanced__3-class.joblib.dvc": [
      {
        "type": "Hex High Entropy String",
        "filename": "models\\pipelines\\LinearSVC__grid_+_cw=balanced__3-class.joblib.dvc",
        "hashed_secret": "6bcbf65e6309b3021d82b3078de383633e6a66a8",
        "is_verified": false,
        "line_number": 2
      }
    ],
    "models\\pipelines\\LinearSVC__grid_+_cw=balanced__5-class.joblib.dvc": [
      {
        "type": "Hex High Entropy String",
        "filename": "models\\pipelines\\LinearSVC__grid_+_cw=balanced__5-class.joblib.dvc",
        "hashed_secret": "48b0a75911555fe51ac769cf8db28f95fbac07d6",
        "is_verified": false,
        "line_number": 2
      }
    ],
    "models\\pipelines\\LogReg__grid_+_cw=balanced__3-class.joblib.dvc": [
      {
        "type": "Hex High Entropy String",
        "filename": "models\\pipelines\\LogReg__grid_+_cw=balanced__3-class.joblib.dvc",
        "hashed_secret": "315c4ffa32106cfb84af72c7c13c5a4418f82ca5",
        "is_verified": false,
        "line_number": 2
      }
    ],
    "models\\pipelines\\LogReg__grid_+_cw=balanced__5-class.joblib.dvc": [
      {
        "type": "Hex High Entropy String",
        "filename": "models\\pipelines\\LogReg__grid_+_cw=balanced__5-class.joblib.dvc",
        "hashed_secret": "1fec6630d554423a9589e8b20effd900d533d937",
        "is_verified": false,
        "line_number": 2
      }
    ],
    "models\\pipelines\\RandomForest__halving_+_cw=balanced__3-class.joblib.dvc": [
      {
        "type": "Hex High Entropy String",
        "filename": "models\\pipelines\\RandomForest__halving_+_cw=balanced__3-class.joblib.dvc",
        "hashed_secret": "1506c51eda4340d5c4368a94d5aa392052651612",
        "is_verified": false,
        "line_number": 2
      }
    ],
    "models\\pipelines\\RandomForest__halving_+_cw=balanced__5-class.joblib.dvc": [
      {
        "type": "Hex High Entropy String",
        "filename": "models\\pipelines\\RandomForest__halving_+_cw=balanced__5-class.joblib.dvc",
        "hashed_secret": "2cdb2b209b9ffadbad991864a7e6b7707ed90ea7",
        "is_verified": false,
        "line_number": 2
      }
    ],
    "models\\pipelines\\XGBoost__bayes_(no_resampling)__3-class.joblib.dvc": [
      {
        "type": "Hex High Entropy String",
        "filename": "models\\pipelines\\XGBoost__bayes_(no_resampling)__3-class.joblib.dvc",
        "hashed_secret": "653a5b053d314cf0ec2a654df08237497e8af7ff",
        "is_verified": false,
        "line_number": 2
      }
    ],
    "models\\pipelines\\XGBoost__bayes_(no_resampling)__5-class.joblib.dvc": [
      {
        "type": "Hex High Entropy String",
        "filename": "models\\pipelines\\XGBoost__bayes_(no_resampling)__5-class.joblib.dvc",
        "hashed_secret": "540fa6690473e54b76973d5996c3fa6d8908bf7a",
        "is_verified": false,
        "line_number": 2
      }
    ]
  },
  "generated_at": "2026-08-31T12:15:12Z"
}
